README.md h1 the-vilan-documentation
README.md h2 parts
README.md h2 where-this-book-lives
README.md h2 conventions
README.md h2 contents
README.md h3 tour
README.md h3 guides
README.md h3 std-reference
README.md h3 specification
appendix/cli.md h1 the-cli
appendix/cli.md h2 vilan-init-name
appendix/cli.md h2 vilan-build-file
appendix/cli.md h3 vilan-build---explain
appendix/cli.md h2 vilan-check-file
appendix/cli.md h2 vilan-run-file-args
appendix/cli.md h2 vilan-fmt-paths
appendix/cli.md h2 vilan-test-path
appendix/cli.md h2 vilan-bindgen-filedts
appendix/cli.md h3 what-you-get
appendix/cli.md h3 constructors
appendix/cli.md h3 filtering-a-large-declaration-file
appendix/cli.md h3 absence-and-why-there-is-no-option
appendix/cli.md h3 -todobindgen
appendix/cli.md h3 why-every-interface-becomes-an-external-struct
appendix/cli.md h3 closed-string-sets
appendix/cli.md h3 scope
appendix/cli.md h2 vilan-upgrade
appendix/editor.md h1 the-editor
appendix/editor.md h2 getting-it
appendix/editor.md h2 what-it-gives-you
appendix/editor.md h2 completion
appendix/editor.md h2 quick-fixes
appendix/editor.md h2 refactors
appendix/editor.md h2 what-it-does-while-you-type
appendix/editor.md h2 what-it-does-not-have
appendix/editor.md h2 settings
appendix/errors.md h1 error-index
appendix/errors.md h2 names-and-imports
appendix/errors.md h2 types-and-generics
appendix/errors.md h2 memory-and-mutation
appendix/errors.md h2 resources
appendix/errors.md h2 async
appendix/errors.md h2 contexts-and-ui
appendix/errors.md h2 wire-and-rpc
appendix/errors.md h2 compile-time-evaluation
appendix/errors.md h2 syntax
appendix/errors.md h2 panics
appendix/glossary.md h1 glossary
appendix/gotchas.md h1 gotchas
appendix/gotchas.md h2 language
appendix/gotchas.md h2 reactive--ui
appendix/gotchas.md h2 services--the-wire
appendix/gotchas.md h2 process--testing
guide/dev-loop.md h1 the-dev-loop
guide/dev-loop.md h2 what-each-edit-does
guide/dev-loop.md h2 when-a-round-fails
guide/dev-loop.md h2 what-carries-across-a-swap-and-what-resets
guide/dev-loop.md h2 escape-hatches
guide/dev-loop.md h2 running-something-alongside-the-build
guide/dev-loop.md h3 when-the-hook-generates-vilan
guide/dev-loop.md h2 freshness-for-a-hand-rolled-server
guide/dev-loop.md h2 picking-which-server-to-run
guide/dev-loop.md h2 the-css-link-idiom
guide/dev-loop.md h2 shipping-routes-separately
guide/dev-loop.md h3 serving-the-chunks
guide/dev-loop.md h3 is-it-worth-it
guide/dev-loop.md h3 the-rest-of-the-rules
guide/dev-loop.md h2 cleaning-up-strays
guide/persistence.md h1 persistence-and-the-server
guide/persistence.md h2 sqlite-stddb
guide/persistence.md h3 migrations-carrying-a-schema-forward
guide/persistence.md h4 carrying-the-sql-into-dist
guide/persistence.md h2 serving-http-stdhttp
guide/persistence.md h3 caching-etag-and-304
guide/persistence.md h2 files-stdfs
guide/persistence.md h2 the-process-stdprocess
guide/persistence.md h2 putting-it-together
guide/reactive.md h1 reactive-state
guide/reactive.md h2 signals
guide/reactive.md h2 derived-state-map-combine-flatten
guide/reactive.md h3 selection-over-a-list-selector
guide/reactive.md h2 reacting-effect-and-sub
guide/reactive.md h2 ownership-who-cleans-up
guide/reactive.md h2 turns-when-changes-become-visible
guide/reactive.md h2 optimistic-writes-and-local-first-drafts
guide/reactive.md h3 one-commit-per-burst-not-per-keystroke
guide/reactive.md h3 surviving-a-dropped-connection
guide/reactive.md h3 watching-an-optimistic-write-land
guide/reactive.md h2 keyed-reconciliation
guide/reactive.md h2 traps
guide/routing.md h1 routing
guide/routing.md h2 the-route-model
guide/routing.md h2 the-live-path-becomes-a-route-signal
guide/routing.md h2 pages-swap-on-the-route
guide/routing.md h2 links-and-navigation
guide/routing.md h2 deep-links-and-the-server
guide/routing.md h2 traps
guide/services.md h1 services--rpc
guide/services.md h2 what-can-cross-the-wire-wire
guide/services.md h2 naming-server-entities-handlet
guide/services.md h2 what-rpc-calls-do
guide/services.md h2 mirrors
guide/services.md h3 reading-a-mirror
guide/services.md h2 connection-state-and-reconnection
guide/services.md h2 authentication
guide/services.md h3 authorizing-the-connection
guide/services.md h3 a-refused-client-is-told-and-stops
guide/services.md h3 cheap-limits-with-or-without-a-gate
guide/services.md h2 where-the-service-lives
guide/services.md h2 the-server-side
guide/services.md h3 one-instance-per-connected-client
guide/services.md h2 growing-past-one-service
guide/services.md h2 traps
guide/ssr.md h1 server-side-rendering
guide/ssr.md h2 one-component-both-legs
guide/ssr.md h2 on-the-server-render-into-the-document
guide/ssr.md h2 on-the-client-mount-replaces
guide/ssr.md h2 build-pure-bind-reactive
guide/ssr.md h2 the-double-fetch
guide/ssr.md h2 try-it
guide/styling.md h1 styling
guide/styling.md h2 the-model
guide/styling.md h2 the-css-block
guide/styling.md h2 getting-the-stylesheet-onto-the-page
guide/styling.md h2 values
guide/styling.md h2 boxes-edges-and-borders
guide/styling.md h2 states-and-breakpoints
guide/styling.md h2 theming-and-stacking-conditions
guide/styling.md h2 styling-children-from-the-parent
guide/styling.md h2 dynamic-values
guide/styling.md h2 conditional-merges-when
guide/styling.md h2 swapping-whole-styles
guide/styling.md h2 traps
guide/ui.md h1 building-ui
guide/ui.md h2 views
guide/ui.md h2 text-children-and-mixed-content
guide/ui.md h2 element-syntax
guide/ui.md h2 components-are-just-functions
guide/ui.md h2 events-run-in-turns
guide/ui.md h2 inputs
guide/ui.md h2 lists-bind_each
guide/ui.md h3 three-forms-one-engine
guide/ui.md h2 after-the-element-lands-on_mount-autofocus
guide/ui.md h2 conditionals-show-when-swap
guide/ui.md h2 the-ownership-picture
guide/ui.md h2 server-side-rendering
guide/ui.md h2 escaping-to-the-dom
guide/ui.md h2 traps
guide/walkthrough.md h1 a-full-stack-walkthrough
guide/walkthrough.md h2 the-shape
guide/walkthrough.md h2 the-wire-types
guide/walkthrough.md h2 the-service-next-to-its-resources
guide/walkthrough.md h2 the-server-entry-describe-boot-serve
guide/walkthrough.md h2 the-client-entry-two-signals-a-connect-and-a-mount
guide/walkthrough.md h2 routes
guide/walkthrough.md h2 the-views
guide/walkthrough.md h2 things-to-try
guide/walkthrough.md h2 where-each-idea-came-from
spec/appendix.md h1 spec-a--appendix
spec/appendix.md h2 a1-operator-precedence
spec/appendix.md h2 a2-reserved-words
spec/appendix.md h2 a3-literal-suffixes
spec/appendix.md h2 a4-lang-items
spec/const.md h1 spec-9--const-evaluation
spec/const.md h2 91-the-const-expression
spec/const.md h2 92-the-const-environment
spec/const.md h2 93-failure-and-resource-limits
spec/const.md h2 94-results
spec/const.md h2 95-inferred-const
spec/contexts.md h1 spec-8--contexts
spec/contexts.md h2 81-the-model
spec/contexts.md h2 82-reads-strict-and-safe
spec/contexts.md h2 83-coverage
spec/contexts.md h2 84-closures-capture-at-creation
spec/contexts.md h2 85-injected-closures-the-context-clause
spec/contexts.md h2 86-interactions
spec/contexts.md h2 87-the-standard-librarys-ambient-values-informative
spec/execution.md h1 spec-7--execution--async
spec/execution.md h2 71-program-start-and-termination
spec/execution.md h2 72-evaluation-order
spec/execution.md h2 72a-integer-overflow
spec/execution.md h2 73-the-async-model
spec/execution.md h2 74-async-closure-types-adoption-and-adaptation
spec/execution.md h2 75-suspension-and-state
spec/execution.md h2 76-emission-guarantees-observable-behavior
spec/execution.md h2 77-nurseries
spec/grammar.md h1 spec-3--grammar
spec/grammar.md h2 31-modules-and-statements
spec/grammar.md h2 32-imports-and-exports
spec/grammar.md h2 33-items
spec/grammar.md h3 functions
spec/grammar.md h3 structs-and-enums
spec/grammar.md h3 impls-and-traits
spec/grammar.md h3 generic-parameters-and-arguments
spec/grammar.md h3 attributes-and-macro-items
spec/grammar.md h2 34-bindings-and-assignment
spec/grammar.md h2 35-blocks-and-control-expressions
spec/grammar.md h2 36-chain-expressions-postfix
spec/grammar.md h2 37-operator-precedence
spec/grammar.md h2 38-the-expression-tiers
spec/grammar.md h2 39-types
spec/grammar.md h2 310-patterns-match
spec/introduction.md h1 spec-1--introduction--conformance
spec/introduction.md h2 11-scope-and-normativity
spec/introduction.md h2 12-program-processing-phases
spec/introduction.md h2 13-notation
spec/introduction.md h2 14-source-files-packages-programs
spec/lexical.md h1 spec-2--lexical-structure
spec/lexical.md h2 21-comments
spec/lexical.md h2 22-identifiers-and-keywords
spec/lexical.md h2 23-literals
spec/lexical.md h3 numbers
spec/lexical.md h3 strings
spec/lexical.md h3 interpolated-strings
spec/lexical.md h4 interpolated-multiline-strings
spec/lexical.md h3 other-literals
spec/lexical.md h2 24-operators-and-punctuation
spec/lexical.md h2 25-trivia-and-token-separation
spec/macros.md h1 spec-10--macros
spec/macros.md h2 101-declaring-and-invoking
spec/macros.md h2 102-the-macro-environment
spec/macros.md h2 103-inputs-and-outputs
spec/macros.md h2 104-limits
spec/macros.md h2 105-standard-attributes-informative
spec/memory.md h1 spec-6--the-memory-model
spec/memory.md h2 60-the-law--owners-epochs-and-claims
spec/memory.md h2 61-rule-1--values-are-copied-copies-are-semantic
spec/memory.md h2 62-rule-2--elision-is-an-optimization-never-observable
spec/memory.md h2 63-rule-3--references-are-second-class-views
spec/memory.md h2 64-rule-4--no-invalidating-mutation-under-a-live-view
spec/memory.md h2 65-projections-borrows
spec/memory.md h2 66-views-and-suspension
spec/memory.md h2 67-library-escape-hatches-informative
spec/memory.md h2 68-resources-and-destruction
spec/memory.md h3 the-resource-class
spec/memory.md h3 the-affine-rules
spec/memory.md h3 destruction--the-drop-trait
spec/memory.md h3 drop-timing-and-order
spec/memory.md h3 temporaries
spec/memory.md h3 externs-and-retention
spec/memory.md h3 optiontake-and-optionreplace
spec/memory.md h3 early-teardown--drop
spec/memory.md h3 ownednursery
spec/memory.md h3 services-and-resources
spec/memory.md h3 honesty-limits
spec/memory.md h2 69-closures-capture-bindings
spec/names.md h1 spec-4--names-modules-and-packages
spec/names.md h2 41-modules
spec/names.md h2 42-the-three-namespaces
spec/names.md h2 43-imports
spec/names.md h2 44-scopes-and-shadowing
spec/names.md h2 45-type-position-vs-value-position
spec/names.md h2 46-statics-and-members
spec/names.md h2 47-the-prelude
spec/platform.md h1 spec-11--the-platform-model--manifests
spec/platform.md h2 111-layers
spec/platform.md h2 112-coloring-and-the-reachability-check
spec/platform.md h2 113-fences
spec/platform.md h2 114-manifests-vilantoml
spec/platform.md h2 115-build-products
spec/types.md h1 spec-5--the-type-system
spec/types.md h2 51-types
spec/types.md h3 naming-a-type-through-a-module
spec/types.md h2 52-null
spec/types.md h2 53-declarations
spec/types.md h3 enum-representation
spec/types.md h3 backed-enum-conversions
spec/types.md h3 the-trap-arm
spec/types.md h2 54-impls
spec/types.md h3 dispatch-through-a-bound
spec/types.md h2 55-traits
spec/types.md h3 a-trait-annotation-on-a-binding
spec/types.md h3 a-trait-annotation-on-a-parameter
spec/types.md h3 associated-functions
spec/types.md h2 56-generic-binding-and-inference
spec/types.md h2 57-operator-and-method-dispatch
spec/types.md h2 58-conversions-and-coercions
spec/types.md h2 59-variadic-tuples
spec/types.md h2 510--and-
spec/types.md h2 511-type-errors-of-note
std/browser.md h1 browser-modules-reference
std/browser.md h2 stddom
std/browser.md h2 stdui
std/browser.md h3 view-methods
std/browser.md h3 a-binding-takes-a-source-not-a-signal
std/browser.md h2 stdrouter
std/browser.md h2 stdstorage
std/cells.md h1 cells-reference
std/cells.md h2 sharedt
std/cells.md h2 arenat--handlet
std/cells.md h3 handles-cross-the-wire
std/collections.md h1 collections-reference
std/collections.md h2 listt
std/collections.md h3 searching--equality
std/collections.md h3 ordering
std/collections.md h3 splicing
std/collections.md h3 joining
std/collections.md h2 mapk-v
std/collections.md h2 sett
std/collections.md h2 hashable
std/collections.md h2 range
std/collections.md h2 iterator
std/collections.md h3 what-a-for-can-iterate
std/collections.md h3 adapters
std/collections.md h3 terminations
std/dev.md h1 dev--hmr-reference
std/dev.md h2 hmr_active
std/dev.md h2 on_teardown
std/dev.md h2 stash--take
std/encoding.md h1 encoding-reference
std/encoding.md h2 json
std/encoding.md h2 the-wire-layer-stdwire
std/encoding.md h3 backed-enums-on-the-wire
std/encoding.md h2 bytes
std/encoding.md h2 binary-codec-stdbinary
std/encoding.md h2 base64-stdbase64
std/markdown.md h1 markdown
std/markdown.md h2 parsing
std/markdown.md h2 the-ast
std/markdown.md h2 strict-by-design
std/markdown.md h2 heading-ids
std/markdown.md h2 the-package-shape
std/misc.md h1 misc-reference
std/misc.md h2 stdio
std/misc.md h2 stdtask
std/misc.md h2 stdpromise
std/misc.md h2 stdcontext
std/misc.md h2 stdcrypto
std/misc.md h2 stdjwt
std/misc.md h2 stdasset
std/misc.md h3 bundling-a-whole-estate
std/net.md h1 networking-reference
std/net.md h2 stdfetch
std/net.md h2 stdws
std/numbers.md h1 numbers-reference
std/numbers.md h2 the-family
std/numbers.md h2 methods
std/numbers.md h2 conversions-as_
std/numbers.md h2 stdmath
std/numbers.md h2 stdrandom
std/option-result.md h1 option--result-reference
std/option-result.md h2 optiont
std/option-result.md h2 resultt-e
std/option-result.md h2 idioms
std/paths.md h1 paths-reference
std/paths.md h2 there-is-no-path-type-deliberately
std/paths.md h2 the-separator-is--on-every-platform
std/paths.md h2 normalize-is-canonical-which-means-the-trailing-separator-goes
std/paths.md h2 join-concatenates-resolve-follows-a-reference
std/paths.md h2 extname-a-dotfile-has-no-extension
std/paths.md h2 starts_with-compares-components-strstarts_with-compares-text
std/paths.md h2 relative-inverts-resolve
std/paths.md h2 url-paths-are-out-and-the-seam-is-the-query-string
std/process.md h1 process-modules-reference
std/process.md h2 stddb-sqlite
std/process.md h2 stdhttp-the-server
std/process.md h2 stdrpc_server
std/process.md h2 stdfs
std/process.md h2 stdbuild
std/process.md h2 stddocument
std/process.md h2 stdprocess
std/process.md h2 stdwatch
std/reactive.md h1 stdreactive-reference
std/reactive.md h2 at-a-glance
std/reactive.md h2 signal-and-signalcell
std/reactive.md h2 source
std/reactive.md h2 selector--per-key-selection
std/reactive.md h2 writing-a-signal
std/reactive.md h2 maybesignal
std/reactive.md h2 combine
std/reactive.md h2 subscription-disposable
std/reactive.md h2 owner
std/reactive.md h2 turns
std/reactive.md h2 optimistic
std/reactive.md h2 optimistic--the-observable-lifecycle
std/reactive.md h2 draft--local-first-cells
std/reactive.md h3 debounce--one-commit-per-burst
std/reactive.md h3 repush--recover-the-edits-an-outage-swallowed
std/reactive.md h2 reconcile-keyed-list-diffing
std/rpc.md h1 stdrpc-reference
std/rpc.md h2 the-generated-surface-service
std/rpc.md h2 mirrors-remotesourcet
std/rpc.md h2 errors
std/rpc.md h2 connection-state
std/rpc.md h2 transports
std/rpc.md h2 server-plumbing-stdrpc_server-process-layer
std/rpc.md h2 envelope--codec-layer
std/strings.md h1 strings-reference
std/strings.md h2 str
std/strings.md h3 case-the-full-pair-and-the-ascii-pair
std/strings.md h3 locating-index_of-and-last_index_of
std/strings.md h3 slicing-substring-refuses-it-does-not-correct
std/strings.md h3 cutting-a-known-affix
std/strings.md h2 display-user-facing-text
std/strings.md h2 debug-developer-facing-text
std/strings.md h2 into-conversions
std/style.md h1 stdstyle-reference
std/style.md h2 constructors-and-values
std/style.md h2 style-methods
std/style.md h2 conditions
std/style.md h3 stacking
std/style.md h3 relations
std/style.md h2 declaration-blocks
std/style.md h3 ordering
std/style.md h3 refusals
std/style.md h2 runtime-legal-operations
std/time.md h1 stdtime-reference
std/time.md h2 instant
std/time.md h2 duration
std/time.md h2 sleeping
std/time.md h2 timer
std/time.md h3 timers-and-nurseries
std/time.md h2 notes
std/traits.md h1 core-traits-reference
std/traits.md h2 stdcompare
std/traits.md h2 stddefault
std/traits.md h2 stdoperators-the-operator-traits
std/traits.md h2 stdoperators-try-and-lift
tour/async.md h1 async
tour/async.md h2 opting-out-of-waiting-async-and-await
tour/async.md h2 async-closures
tour/async.md h3 higher-order-functions-adapt
tour/async.md h2 nurseries-structured-spawning
tour/async.md h3 cancellation
tour/async.md h2 timers
tour/async.md h2 what-async-does-not-do
tour/async.md h2 traps
tour/coming-from-javascript.md h1 coming-from-javascript
tour/coming-from-javascript.md h2 the-three-big-shifts
tour/coming-from-javascript.md h2 a-quick-phrasebook
tour/coming-from-javascript.md h2 things-that-look-the-same-and-mostly-are
tour/coming-from-javascript.md h2 things-to-unlearn
tour/coming-from-javascript.md h2 where-to-go-next
tour/control-flow.md h1 control-flow
tour/control-flow.md h2 if--else
tour/control-flow.md h2 match
tour/control-flow.md h2 loops
tour/control-flow.md h2 early-return-ret
tour/control-flow.md h2 option-and-result
tour/control-flow.md h2 panics-and-asserts
tour/data-and-traits.md h1 data-and-traits
tour/data-and-traits.md h2 structs
tour/data-and-traits.md h2 enums
tour/data-and-traits.md h3 backed-enums
tour/data-and-traits.md h2 impl-methods-and-statics
tour/data-and-traits.md h2 generics-and-bounds
tour/data-and-traits.md h2 traits
tour/data-and-traits.md h2 a-trait-on-a-binding-is-a-constraint
tour/data-and-traits.md h2 a-trait-on-a-parameter-is-a-generic
tour/data-and-traits.md h2 associated-functions
tour/data-and-traits.md h2 derives
tour/functions-and-closures.md h1 functions--closures
tour/functions-and-closures.md h2 functions
tour/functions-and-closures.md h2 taking-any-number-of-arguments
tour/functions-and-closures.md h3 passing-a-pack-on
tour/functions-and-closures.md h2 closures
tour/functions-and-closures.md h2 named-functions-as-closures
tour/functions-and-closures.md h2 async-closures
tour/functions-and-closures.md h2 context-clauses
tour/hello-vilan.md h1 hello-vilan
tour/hello-vilan.md h2 install-the-toolchain
tour/hello-vilan.md h2 a-first-program
tour/hello-vilan.md h2 start-a-project
tour/hello-vilan.md h2 the-cli
tour/hello-vilan.md h2 projects-vilantoml
tour/hello-vilan.md h2 imports
tour/hello-vilan.md h3 the-prelude
tour/hello-vilan.md h2 the-shape-of-a-full-stack-app
tour/macros-and-const.md h1 macros--const
tour/macros-and-const.md h2 const-compute-it-at-compile-time
tour/macros-and-const.md h3 release-builds-fold-without-the-keyword
tour/macros-and-const.md h2 derive-macros-impls-from-a-types-shape
tour/macros-and-const.md h2 macro----blocks
tour/macros-and-const.md h2 choosing-the-right-tool
tour/memory-model.md h1 the-memory-model
tour/memory-model.md h2 values-the-default
tour/memory-model.md h2 views-lending-a-value-out
tour/memory-model.md h2 sharedt-one-cell-many-holders
tour/memory-model.md h2 arena--handle-graphs-and-cycles
tour/memory-model.md h2 the-async-rule
tour/memory-model.md h2 traps
tour/platforms.md h1 platforms
tour/platforms.md h2 the-std-layers
tour/platforms.md h2 full-stack-packages
tour/platforms.md h2 externs-talking-to-the-host
tour/platforms.md h2 assets
tour/projects.md h1 projects-and-dependencies
tour/projects.md h2 git-dependencies
tour/projects.md h2 the-prelude-key
tour/projects.md h2 reserved-names
tour/projects.md h2 pre-build-commands-and-default-entry
tour/projects.md h2 workspaces
tour/resources.md h1 resources
tour/resources.md h2 moving-not-copying
tour/resources.md h2 loaning-instead-of-moving
tour/resources.md h2 teardown-happens-at-the-last-use--and-on-every-exit
tour/resources.md h2 tearing-down-early-dropx
tour/resources.md h2 conditional-teardown-optiontake
tour/resources.md h2 a-real-resource-database
tour/resources.md h2 owning-background-work-ownednursery
tour/resources.md h2 traps
tour/values-and-types.md h1 values-and-types
tour/values-and-types.md h2 bindings
tour/values-and-types.md h2 primitives
tour/values-and-types.md h2 strings-and-interpolation
tour/values-and-types.md h2 tuples
tour/values-and-types.md h3 building-one-out-of-another
tour/values-and-types.md h2 collections
tour/values-and-types.md h2 wheres-null
